
> frontend@0.1.0 dev
> next dev

▲ Next.js 16.2.4 (Turbopack)
- Local:         http://localhost:3000
- Network:       http://192.168.1.7:3000
✓ Ready in 527ms

 GET / 200 in 521ms (next.js: 171ms, application-code: 351ms)
[browser] A tree hydrated but some attributes of the server rendered HTML didn't match the client properties. This won't be patched up. This can happen if a SSR-ed Client Component used:

- A server/client branch `if (typeof window !== 'undefined')`.
- Variable input such as `Date.now()` or `Math.random()` which changes each time it's called.
- Date formatting in a user's locale which doesn't match the server.
- External changing data without sending a snapshot of it along with the HTML.
- Invalid HTML tag nesting.

It can also happen if the client has a browser extension installed which messes with the HTML before React loaded.

https://react.dev/link/hydration-mismatch

  ...
    <HotReload globalError={[...]} webSocket={WebSocket} staticIndicatorState={{pathname:null, ...}}>
      <AppDevOverlayErrorBoundary globalError={[...]}>
        <ReplaySsrOnlyErrors>
        <DevRootHTTPAccessFallbackBoundary>
          <HTTPAccessFallbackBoundary notFound={<NotAllowedRootHTTPFallbackError>}>
            <HTTPAccessFallbackErrorBoundary pathname="/" notFound={<NotAllowedRootHTTPFallbackError>} ...>
              <RedirectBoundary>
                <RedirectErrorBoundary router={{...}}>
                  <Head>
                  <__next_root_layout_boundary__>
                    <SegmentViewNode type="layout" pagePath="layout.tsx">
                      <SegmentTrieNode>
                      <link>
                      <script>
                      <script>
                      <RootLayout>
                        <html
                          lang="en"
-                         style={{--swk-background:"#fcfcfcff",--swk-background-secondary:"#f8f8f8ff",--swk-foreground-strong:"...", ...}}
                        >
                  ...
 
    at <unknown> (file://C:/Users/LENOVO/OneDrive/文档/GitHub/RemitChain/frontend/.next/dev/static/chunks/node_modules_next_dist_compiled_react-dom_058-ah~._.js:3439:25)
    at runWithFiberInDEV (file://C:/Users/LENOVO/OneDrive/文档/GitHub/RemitChain/frontend/.next/dev/static/chunks/node_modules_next_dist_compiled_react-dom_058-ah~._.js:965:74)
    at emitPendingHydrationWarnings (file://C:/Users/LENOVO/OneDrive/文档/GitHub/RemitChain/frontend/.next/dev/static/chunks/node_modules_next_dist_compiled_react-dom_058-ah~._.js:3438:13)
    at completeWork (file://C:/Users/LENOVO/OneDrive/文档/GitHub/RemitChain/frontend/.next/dev/static/chunks/node_modules_next_dist_compiled_react-dom_058-ah~._.js:6885:102)
    at runWithFiberInDEV (file://C:/Users/LENOVO/OneDrive/文档/GitHub/RemitChain/frontend/.next/dev/static/chunks/node_modules_next_dist_compiled_react-dom_058-ah~._.js:965:131)
    at completeUnitOfWork (file://C:/Users/LENOVO/OneDrive/文档/GitHub/RemitChain/frontend/.next/dev/static/chunks/node_modules_next_dist_compiled_react-dom_058-ah~._.js:9622:23)
    at performUnitOfWork (file://C:/Users/LENOVO/OneDrive/文档/GitHub/RemitChain/frontend/.next/dev/static/chunks/node_modules_next_dist_compiled_react-dom_058-ah~._.js:9557:28)
    at workLoopConcurrentByScheduler (file://C:/Users/LENOVO/OneDrive/文档/GitHub/RemitChain/frontend/.next/dev/static/chunks/node_modules_next_dist_compiled_react-dom_058-ah~._.js:9551:58)
    at renderRootConcurrent (file://C:/Users/LENOVO/OneDrive/文档/GitHub/RemitChain/frontend/.next/dev/static/chunks/node_modules_next_dist_compiled_react-dom_058-ah~._.js:9534:71)
    at performWorkOnRoot (file://C:/Users/LENOVO/OneDrive/文档/GitHub/RemitChain/frontend/.next/dev/static/chunks/node_modules_next_dist_compiled_react-dom_058-ah~._.js:9061:150)
    at performWorkOnRootViaSchedulerTask (file://C:/Users/LENOVO/OneDrive/文档/GitHub/RemitChain/frontend/.next/dev/static/chunks/node_modules_next_dist_compiled_react-dom_058-ah~._.js:10255:9)
    at MessagePort.performWorkUntilDeadline (file://C:/Users/LENOVO/OneDrive/文档/GitHub/RemitChain/frontend/.next/dev/static/chunks/node_modules_next_dist_compiled_0rpq4pf._.js:2647:64) (file://C:/Users/LENOVO/OneDrive/文档/GitHub/RemitChain/frontend/.next/dev/static/chunks/node_modules_next_dist_compiled_react-dom_058-ah~._.js:3439:25)
 GET / 200 in 127ms (next.js: 23ms, application-code: 104ms)
[browser] A tree hydrated but some attributes of the server rendered HTML didn't match the client properties. This won't be patched up. This can happen if a SSR-ed Client Component used:

- A server/client branch `if (typeof window !== 'undefined')`.
- Variable input such as `Date.now()` or `Math.random()` which changes each time it's called.
- Date formatting in a user's locale which doesn't match the server.
- External changing data without sending a snapshot of it along with the HTML.
- Invalid HTML tag nesting.

It can also happen if the client has a browser extension installed which messes with the HTML before React loaded.

https://react.dev/link/hydration-mismatch

  ...
    <HotReload globalError={[...]} webSocket={WebSocket} staticIndicatorState={{pathname:null, ...}}>
      <AppDevOverlayErrorBoundary globalError={[...]}>
        <ReplaySsrOnlyErrors>
        <DevRootHTTPAccessFallbackBoundary>
          <HTTPAccessFallbackBoundary notFound={<NotAllowedRootHTTPFallbackError>}>
            <HTTPAccessFallbackErrorBoundary pathname="/" notFound={<NotAllowedRootHTTPFallbackError>} ...>
              <RedirectBoundary>
                <RedirectErrorBoundary router={{...}}>
                  <Head>
                  <__next_root_layout_boundary__>
                    <SegmentViewNode type="layout" pagePath="layout.tsx">
                      <SegmentTrieNode>
                      <link>
                      <script>
                      <script>
                      <RootLayout>
                        <html
                          lang="en"
-                         style={{--swk-background:"#fcfcfcff",--swk-background-secondary:"#f8f8f8ff",--swk-foreground-strong:"...", ...}}
                        >
                  ...
 
    at <unknown> (file://C:/Users/LENOVO/OneDrive/文档/GitHub/RemitChain/frontend/.next/dev/static/chunks/node_modules_next_dist_compiled_react-dom_058-ah~._.js:3439:25)
    at runWithFiberInDEV (file://C:/Users/LENOVO/OneDrive/文档/GitHub/RemitChain/frontend/.next/dev/static/chunks/node_modules_next_dist_compiled_react-dom_058-ah~._.js:965:74)
    at emitPendingHydrationWarnings (file://C:/Users/LENOVO/OneDrive/文档/GitHub/RemitChain/frontend/.next/dev/static/chunks/node_modules_next_dist_compiled_react-dom_058-ah~._.js:3438:13)
    at completeWork (file://C:/Users/LENOVO/OneDrive/文档/GitHub/RemitChain/frontend/.next/dev/static/chunks/node_modules_next_dist_compiled_react-dom_058-ah~._.js:6885:102)
    at runWithFiberInDEV (file://C:/Users/LENOVO/OneDrive/文档/GitHub/RemitChain/frontend/.next/dev/static/chunks/node_modules_next_dist_compiled_react-dom_058-ah~._.js:965:131)
    at completeUnitOfWork (file://C:/Users/LENOVO/OneDrive/文档/GitHub/RemitChain/frontend/.next/dev/static/chunks/node_modules_next_dist_compiled_react-dom_058-ah~._.js:9622:23)
    at performUnitOfWork (file://C:/Users/LENOVO/OneDrive/文档/GitHub/RemitChain/frontend/.next/dev/static/chunks/node_modules_next_dist_compiled_react-dom_058-ah~._.js:9557:28)
    at workLoopConcurrentByScheduler (file://C:/Users/LENOVO/OneDrive/文档/GitHub/RemitChain/frontend/.next/dev/static/chunks/node_modules_next_dist_compiled_react-dom_058-ah~._.js:9551:58)
    at renderRootConcurrent (file://C:/Users/LENOVO/OneDrive/文档/GitHub/RemitChain/frontend/.next/dev/static/chunks/node_modules_next_dist_compiled_react-dom_058-ah~._.js:9534:71)
    at performWorkOnRoot (file://C:/Users/LENOVO/OneDrive/文档/GitHub/RemitChain/frontend/.next/dev/static/chunks/node_modules_next_dist_compiled_react-dom_058-ah~._.js:9061:150)
    at performWorkOnRootViaSchedulerTask (file://C:/Users/LENOVO/OneDrive/文档/GitHub/RemitChain/frontend/.next/dev/static/chunks/node_modules_next_dist_compiled_react-dom_058-ah~._.js:10255:9)
    at MessagePort.performWorkUntilDeadline (file://C:/Users/LENOVO/OneDrive/文档/GitHub/RemitChain/frontend/.next/dev/static/chunks/node_modules_next_dist_compiled_0rpq4pf._.js:2647:64) (file://C:/Users/LENOVO/OneDrive/文档/GitHub/RemitChain/frontend/.next/dev/static/chunks/node_modules_next_dist_compiled_react-dom_058-ah~._.js:3439:25)
✓ Compiled in 53ms
 GET / 200 in 356ms (next.js: 106ms, application-code: 251ms)
 GET / 200 in 356ms (next.js: 169ms, application-code: 187ms)
 GET / 200 in 112ms (next.js: 10ms, application-code: 102ms)
 GET / 200 in 110ms (next.js: 66ms, application-code: 43ms)
[?25h
